Warnings, critical warnings and errors from synthesis and implementation

Created: 2026-08-11 20:23:33

----SYNTHESIS----
WARNING: [Synth 8-7071] port 'tx_data' of module 'Ps2Interface' is unconnected for instance 'u_Ps2Interface' [rtl/core/top_master.sv:74]
WARNING: [Synth 8-7071] port 'write_data' of module 'Ps2Interface' is unconnected for instance 'u_Ps2Interface' [rtl/core/top_master.sv:74]
WARNING: [Synth 8-7071] port 'busy' of module 'Ps2Interface' is unconnected for instance 'u_Ps2Interface' [rtl/core/top_master.sv:74]
WARNING: [Synth 8-7071] port 'err' of module 'Ps2Interface' is unconnected for instance 'u_Ps2Interface' [rtl/core/top_master.sv:74]
WARNING: [Synth 8-7023] instance 'u_Ps2Interface' of module 'Ps2Interface' has 10 connections declared, but only 6 given [rtl/core/top_master.sv:74]
WARNING: [Synth 8-7071] port 'count' of module 'timer' is unconnected for instance 'u_timer_1kHz' [rtl/core/top_master.sv:125]
WARNING: [Synth 8-7071] port 'enable_out' of module 'timer' is unconnected for instance 'u_timer_1kHz' [rtl/core/top_master.sv:125]
WARNING: [Synth 8-7023] instance 'u_timer_1kHz' of module 'timer' has 6 connections declared, but only 4 given [rtl/core/top_master.sv:125]
WARNING: [Synth 8-589] replacing case/wildcard equality operator === with logical equality operator == [rtl/core/game_engine.sv:92]
WARNING: [Synth 8-7071] port 'count' of module 'timer' is unconnected for instance 'u_sound_timer' [rtl/sound/sound_top.sv:55]
WARNING: [Synth 8-7023] instance 'u_sound_timer' of module 'timer' has 6 connections declared, but only 5 given [rtl/sound/sound_top.sv:55]
WARNING: [Synth 8-7071] port 'rd_uart' of module 'uart' is unconnected for instance 'u_UART_tx' [rtl/core/top_master.sv:185]
WARNING: [Synth 8-7071] port 'rx' of module 'uart' is unconnected for instance 'u_UART_tx' [rtl/core/top_master.sv:185]
WARNING: [Synth 8-7071] port 'tx_full' of module 'uart' is unconnected for instance 'u_UART_tx' [rtl/core/top_master.sv:185]
WARNING: [Synth 8-7071] port 'rx_empty' of module 'uart' is unconnected for instance 'u_UART_tx' [rtl/core/top_master.sv:185]
WARNING: [Synth 8-7071] port 'r_data' of module 'uart' is unconnected for instance 'u_UART_tx' [rtl/core/top_master.sv:185]
WARNING: [Synth 8-7023] instance 'u_UART_tx' of module 'uart' has 11 connections declared, but only 6 given [rtl/core/top_master.sv:185]
WARNING: [Synth 8-3917] design top_master_basys3 has port JC[6] driven by constant 0
WARNING: [Synth 8-3917] design top_master_basys3 has port JC[5] driven by constant 0
WARNING: [Synth 8-3917] design top_master_basys3 has port JC[4] driven by constant 0
WARNING: [Synth 8-3917] design top_master_basys3 has port JC[2] driven by constant 0
WARNING: [Synth 8-7129] Port pmod_in[lrclk] in module lrclk_gen is either unconnected or has no load
WARNING: [Synth 8-7129] Port engine_out[buttons][5] in module damped_comb is either unconnected or has no load
WARNING: [Synth 8-7129] Port engine_out[buttons][4] in module damped_comb is either unconnected or has no load
WARNING: [Synth 8-7129] Port engine_out[buttons][3] in module damped_comb is either unconnected or has no load
WARNING: [Synth 8-7129] Port engine_out[buttons][2] in module damped_comb is either unconnected or has no load
WARNING: [Synth 8-7129] Port engine_out[buttons][1] in module damped_comb is either unconnected or has no load
WARNING: [Synth 8-7129] Port engine_out[buttons][0] in module damped_comb is either unconnected or has no load
WARNING: [Synth 8-7129] Port engine[buttons][5] in module master_fsm is either unconnected or has no load
WARNING: [Synth 8-7129] Port engine[buttons][4] in module master_fsm is either unconnected or has no load
WARNING: [Synth 8-7129] Port engine[buttons][3] in module master_fsm is either unconnected or has no load
WARNING: [Synth 8-7129] Port engine[buttons][2] in module master_fsm is either unconnected or has no load
WARNING: [Synth 8-7129] Port engine[buttons][1] in module master_fsm is either unconnected or has no load
WARNING: [Synth 8-7129] Port engine[buttons][0] in module master_fsm is either unconnected or has no load
WARNING: [Synth 8-7080] Parallel synthesis criteria is not met
WARNING: [Synth 8-3917] design top_master_basys3 has port JC[6] driven by constant 0
WARNING: [Synth 8-3917] design top_master_basys3 has port JC[5] driven by constant 0
WARNING: [Synth 8-3917] design top_master_basys3 has port JC[4] driven by constant 0
WARNING: [Synth 8-3917] design top_master_basys3 has port JC[2] driven by constant 0
WARNING: [Synth 8-7129] Port pmod_in[lrclk] in module lrclk_gen is either unconnected or has no load
WARNING: [Synth 8-7129] Port note_addr[7] in module record_rom is either unconnected or has no load
WARNING: [Synth 8-7129] Port note_addr[7] in module song_rom is either unconnected or has no load
WARNING: [Synth 8-7129] Port note_addr[6] in module song_rom is either unconnected or has no load
WARNING: [Synth 8-7129] Port engine[buttons][5] in module master_fsm is either unconnected or has no load
WARNING: [Synth 8-7129] Port engine[buttons][4] in module master_fsm is either unconnected or has no load
WARNING: [Synth 8-7129] Port engine[buttons][3] in module master_fsm is either unconnected or has no load
WARNING: [Synth 8-7129] Port engine[buttons][2] in module master_fsm is either unconnected or has no load
WARNING: [Synth 8-7129] Port engine[buttons][1] in module master_fsm is either unconnected or has no load
WARNING: [Synth 8-7129] Port engine[buttons][0] in module master_fsm is either unconnected or has no load
WARNING: [Synth 8-3332] Sequential element (FSM_onehot_state_reg[9]) is unused and will be removed from module Ps2Interface.
WARNING: [Synth 8-3332] Sequential element (FSM_onehot_state_reg[8]) is unused and will be removed from module Ps2Interface.
WARNING: [Synth 8-3332] Sequential element (FSM_onehot_state_reg[7]) is unused and will be removed from module Ps2Interface.
WARNING: [Synth 8-3332] Sequential element (FSM_onehot_state_reg[6]) is unused and will be removed from module Ps2Interface.
WARNING: [Synth 8-3332] Sequential element (uart_rx_unit/FSM_sequential_state_reg_reg[1]) is unused and will be removed from module uart.
WARNING: [Synth 8-3332] Sequential element (uart_rx_unit/FSM_sequential_state_reg_reg[0]) is unused and will be removed from module uart.
WARNING: [Synth 8-3332] Sequential element (u_top_master/u_Ps2Interface/FSM_onehot_state_reg[16]) is unused and will be removed from module top_master_basys3.
WARNING: [Synth 8-3332] Sequential element (u_top_master/u_Ps2Interface/FSM_onehot_state_reg[15]) is unused and will be removed from module top_master_basys3.
WARNING: [Synth 8-3332] Sequential element (u_top_master/u_Ps2Interface/FSM_onehot_state_reg[14]) is unused and will be removed from module top_master_basys3.
WARNING: [Synth 8-3332] Sequential element (u_top_master/u_Ps2Interface/FSM_onehot_state_reg[13]) is unused and will be removed from module top_master_basys3.
WARNING: [Synth 8-3332] Sequential element (u_top_master/u_Ps2Interface/FSM_onehot_state_reg[12]) is unused and will be removed from module top_master_basys3.
WARNING: [Synth 8-3332] Sequential element (u_top_master/u_Ps2Interface/FSM_onehot_state_reg[11]) is unused and will be removed from module top_master_basys3.
WARNING: [Synth 8-3332] Sequential element (u_top_master/u_Ps2Interface/FSM_onehot_state_reg[10]) is unused and will be removed from module top_master_basys3.

----IMPLEMENTATION----
CLEAR :)
